// Jest Snapshot v1, https://goo.gl/fbAQLP

exports[`SearchButton rendering test 1`] = `
<button
  className="button"
  onClick={[Function]}
>
  some text
</button>
`;
