// Jest Snapshot v1, https://goo.gl/fbAQLP

exports[`Search rendering test 1`] = `
<ContextProvider
  value={
    Object {
      "store": Object {
        "dispatch": [Function],
        "getState": [Function],
        "replaceReducer": [Function],
        "subscribe": [Function],
        Symbol(observable): [Function],
      },
      "subscription": Subscription {
        "handleChangeWrapper": [Function],
        "listeners": Object {
          "notify": [Function],
        },
        "onStateChange": [Function],
        "parentSub": undefined,
        "store": Object {
          "dispatch": [Function],
          "getState": [Function],
          "replaceReducer": [Function],
          "subscribe": [Function],
          Symbol(observable): [Function],
        },
        "unsubscribe": null,
      },
    }
  }
>
  <Connect(Search)
    config={
      Object {
        "buttonText": "Search",
        "placeHolder": "Quentin Tarantino",
        "searchFilter": Object {
          "options": Array [
            "Title",
            "Genre",
          ],
          "selectedIndex": "0",
          "title": "Search by",
        },
      }
    }
  />
</ContextProvider>
`;
