// Jest Snapshot v1, https://goo.gl/fbAQLP

exports[`BackButton rendering test 1`] = `
<div
  className="button"
>
  someButtonText
</div>
`;
