// Jest Snapshot v1, https://goo.gl/fbAQLP

exports[`Description rendering test 1`] = `
<div>
  someDescription
</div>
`;
