// Jest Snapshot v1, https://goo.gl/fbAQLP

exports[`Genre rendering test 1`] = `
<div
  className="genre"
>
  someGenre
</div>
`;
