// Jest Snapshot v1, https://goo.gl/fbAQLP

exports[`ItemTitle rendering test 1`] = `
<div
  className="title"
>
  someTitle
</div>
`;
