// Jest Snapshot v1, https://goo.gl/fbAQLP

exports[`ItemRating rendering test 1`] = `
<div
  className="title"
>
  someRating
</div>
`;
