// Jest Snapshot v1, https://goo.gl/fbAQLP

exports[`ItemDetailsTitle rendering test 1`] = `
<div
  className="title"
>
  someTitle
</div>
`;
