// Jest Snapshot v1, https://goo.gl/fbAQLP

exports[`ItemReleaseDate rendering test 1`] = `
<div
  className="releasedate"
>
  someReleaseDate
</div>
`;
