// Jest Snapshot v1, https://goo.gl/fbAQLP

exports[`ResultsCount rendering test 1`] = `
<div
  className="container"
>
  someCount
   
  someTitle
</div>
`;
