// Jest Snapshot v1, https://goo.gl/fbAQLP

exports[`Spinner rendering test 1`] = `
<div
  className="spinnercontainer"
>
  <div
    className="spinner"
  >
    <div />
    <div />
    <div />
  </div>
</div>
`;
