// Jest Snapshot v1, https://goo.gl/fbAQLP

exports[`ItemBody rendering test 1`] = `
<div
  className="body"
>
  <ItemImage />
  <ItemReleaseDate />
  <ItemTitle />
  <ItemGenre />
</div>
`;
