// Jest Snapshot v1, https://goo.gl/fbAQLP

exports[`NoItemLabel rendering test 1`] = `
<div
  className="title"
>
  No films found
</div>
`;
