// Jest Snapshot v1, https://goo.gl/fbAQLP

exports[`App rendering test 1`] = `
<div
  className="font"
>
  <ErrorBoundary>
    <Header
      config={
        Object {
          "searchConfig": Object {
            "buttonText": "Search",
            "placeHolder": "The Godfather",
            "searchFilter": Object {
              "options": Array [
                Object {
                  "title": "Title",
                  "value": "title",
                },
                Object {
                  "title": "Genre",
                  "value": "genres",
                },
              ],
              "selectedIndex": "0",
              "title": "Search by",
            },
          },
          "title": "Find Your Movies",
        }
      }
    />
    <Connect(ItemDetails) />
    <Connect(ResultsBody)
      config={
        Object {
          "itemsPerRow": 4,
          "resultSortConfig": Object {
            "options": Array [
              Object {
                "title": "Release date",
                "value": "release_date",
              },
              Object {
                "title": "Rating",
                "value": "vote_average",
              },
            ],
            "selectedIndex": "1",
            "title": "Sort by",
          },
          "resultsCountConfig": Object {
            "title": "movies found",
          },
        }
      }
    />
    <Footer
      config={
        Object {
          "title": "Copyright Â© 2019 AkTest",
        }
      }
    />
  </ErrorBoundary>
</div>
`;
