// Jest Snapshot v1, https://goo.gl/fbAQLP

exports[`Footer rendering test 1`] = `
<div
  className="footer"
>
  <div
    className="container"
  >
    Copyright Â© 2019 AkTest
  </div>
</div>
`;
