// Jest Snapshot v1, https://goo.gl/fbAQLP

exports[`ItemDetails rendering test 1`] = `
<ContextProvider
  value={
    Object {
      "store": Object {
        "dispatch": [Function],
        "getState": [Function],
        "replaceReducer": [Function],
        "subscribe": [Function],
        Symbol(observable): [Function],
      },
      "subscription": Subscription {
        "handleChangeWrapper": [Function],
        "listeners": Object {
          "notify": [Function],
        },
        "onStateChange": [Function],
        "parentSub": undefined,
        "store": Object {
          "dispatch": [Function],
          "getState": [Function],
          "replaceReducer": [Function],
          "subscribe": [Function],
          Symbol(observable): [Function],
        },
        "unsubscribe": null,
      },
    }
  }
>
  <Connect(ItemDetails)
    item={
      Object {
        "description": "is a 2014 British-American epic science fiction film directed and produced by Christopher Nolan. ... Set in a dystopian future where humanity is struggling to survive, the film follows a group of astronauts who travel through a wormhole near Saturn in search of a new home for humanity.",
        "duration": 145,
        "genre": "action 4",
        "image": "https://m.media-amazon.com/images/M/MV5BZjdkOTU3MDktN2IxOS00OGEyLWFmMjktY2FiMmZkNWIyODZiXkEyXkFqcGdeQXVyMTMxODk2OTU@._V1_SY1000_SX675_AL_.jpg",
        "rating": 7.2,
        "releaseDate": "2017",
        "title": "Interstellar 4",
      }
    }
  />
</ContextProvider>
`;
