// Jest Snapshot v1, https://goo.gl/fbAQLP

exports[`ResultsBody rendering test 1`] = `
<div
  className="body"
>
  <div
    className="infocontainer"
  >
    <div
      className="resultscountcontainer"
    >
      <ResultsCount
        count={3}
        title="movies found"
      />
    </div>
    <div
      className="customoptionlistcontainer"
    >
      <CustomOptionList
        config={
          Object {
            "options": Array [
              "Release date",
              "Rating",
            ],
            "selectedIndex": "1",
            "title": "Sort by",
          }
        }
      />
    </div>
  </div>
  <div>
    <ItemsContainer
      items={
        Array [
          Object {
            "description": "is a 2014 British-American epic science fiction film directed and produced by Christopher Nolan. ... Set in a dystopian future where humanity is struggling to survive, the film follows a group of astronauts who travel through a wormhole near Saturn in search of a new home for humanity.",
            "duration": 145,
            "genre": "action",
            "image": "https://m.media-amazon.com/images/M/MV5BZjdkOTU3MDktN2IxOS00OGEyLWFmMjktY2FiMmZkNWIyODZiXkEyXkFqcGdeQXVyMTMxODk2OTU@._V1_SY1000_SX675_AL_.jpg",
            "rating": 7.2,
            "releaseDate": "2014",
            "title": "Interstellar",
          },
          Object {
            "description": "is a 2014 British-American epic science fiction film directed and produced by Christopher Nolan. ... Set in a dystopian future where humanity is struggling to survive, the film follows a group of astronauts who travel through a wormhole near Saturn in search of a new home for humanity.",
            "duration": 145,
            "genre": "action2",
            "image": "https://m.media-amazon.com/images/M/MV5BZjdkOTU3MDktN2IxOS00OGEyLWFmMjktY2FiMmZkNWIyODZiXkEyXkFqcGdeQXVyMTMxODk2OTU@._V1_SY1000_SX675_AL_.jpg",
            "rating": 7.2,
            "releaseDate": "2015",
            "title": "Interstellar 2",
          },
          Object {
            "description": "is a 2014 British-American epic science fiction film directed and produced by Christopher Nolan. ... Set in a dystopian future where humanity is struggling to survive, the film follows a group of astronauts who travel through a wormhole near Saturn in search of a new home for humanity.",
            "duration": 145,
            "genre": "action 3",
            "image": "https://m.media-amazon.com/images/M/MV5BZjdkOTU3MDktN2IxOS00OGEyLWFmMjktY2FiMmZkNWIyODZiXkEyXkFqcGdeQXVyMTMxODk2OTU@._V1_SY1000_SX675_AL_.jpg",
            "rating": 7.2,
            "releaseDate": "2016",
            "title": "Interstellar 3",
          },
        ]
      }
      itemsPerRow={4}
    />
  </div>
</div>
`;
