// Jest Snapshot v1, https://goo.gl/fbAQLP

exports[`ErrorBoundary component Rendering test 1`] = `
<ErrorBoundary>
  <div>
    ak test
  </div>
</ErrorBoundary>
`;
